2026-08-23T15:21:25Z INF Thank you for trying Cloudflare Tunnel. Doing so, without a Cloudflare account, is a quick way to experiment and try it out. However, be aware that these account-less Tunnels have no uptime guarantee, are subject to the Cloudflare Online Services Terms of Use (https://www.cloudflare.com/website-terms/), and Cloudflare reserves the right to investigate your use of Tunnels for violations of such terms. If you intend to use Tunnels in production you should use a pre-created named tunnel by following: https://developers.cloudflare.com/cloudflare-one/connections/connect-apps
2026-08-23T15:21:25Z INF Requesting new quick Tunnel on trycloudflare.com...
2026-08-23T15:21:30Z INF +--------------------------------------------------------------------------------------------+
2026-08-23T15:21:30Z INF |  Your quick Tunnel has been created! Visit it at (it may take some time to be reachable):  |
2026-08-23T15:21:30Z INF |  https://america-dramatic-communicate-ment.trycloudflare.com                               |
2026-08-23T15:21:30Z INF +--------------------------------------------------------------------------------------------+
2026-08-23T15:21:30Z INF Cannot determine default configuration path. No file [config.yml config.yaml] in [~/.cloudflared ~/.cloudflare-warp ~/cloudflare-warp /etc/cloudflared /usr/local/etc/cloudflared]
2026-08-23T15:21:30Z INF Version 2026.8.2 (Checksum b6bc98e794894b4ccee49c027c7cae050bbf74a92212e2c4bef348f5b33fa846)
2026-08-23T15:21:30Z INF GOOS: darwin, GOVersion: go1.26.6, GoArch: arm64
2026-08-23T15:21:30Z INF Settings: map[ha-connections:1 no-autoupdate:true protocol:quic url:http://localhost:8000]
2026-08-23T15:21:30Z INF cloudflared will not automatically update if installed by a package manager.
2026-08-23T15:21:30Z INF Generated Connector ID: 5cf77d83-f399-4f0f-8129-371d3bf2a71f
2026-08-23T15:21:30Z INF Initial protocol quic
2026-08-23T15:21:30Z INF ICMP proxy will use 192.168.1.2 as source for IPv4
2026-08-23T15:21:30Z INF ICMP proxy will use fe80::8bc:6819:aa4a:8cf0 in zone en0 as source for IPv6
2026-08-23T15:21:30Z INF Created ICMP proxy listening on 192.168.1.2:0
2026-08-23T15:21:31Z INF ICMP proxy will use 192.168.1.2 as source for IPv4
2026-08-23T15:21:31Z INF ICMP proxy will use fe80::8bc:6819:aa4a:8cf0 in zone en0 as source for IPv6
2026-08-23T15:21:31Z INF Starting metrics server on 127.0.0.1:20241/metrics
2026-08-23T15:21:31Z INF Tunnel connection curve preferences: [X25519MLKEM768 CurveID(65074) CurveP256] connIndex=0 event=0 ip=198.41.200.73
2026-08-23T15:21:31Z INF Registered tunnel connection connIndex=0 connection=49e433b9-b2a0-49ce-b96a-188d3027fdf0 event=0 ip=198.41.200.73 location=bom12 protocol=quic
2026-08-23T15:21:37Z INF +-------------------------------------------------------------------------------------+
2026-08-23T15:21:37Z INF |                               CONNECTIVITY PRE-CHECKS                               |
2026-08-23T15:21:37Z INF +-------------------------------------------------------------------------------------+
2026-08-23T15:21:37Z INF |  COMPONENT         TARGET                     STATUS  DETAILS                       |
2026-08-23T15:21:37Z INF |  DNS Resolution    region1.v2.argotunnel.com  PASS    DNS Resolved successfully     |
2026-08-23T15:21:37Z INF |  DNS Resolution    region2.v2.argotunnel.com  PASS    DNS Resolved successfully     |
2026-08-23T15:21:37Z INF |  UDP Connectivity  region1.v2.argotunnel.com  PASS    QUIC connection successful    |
2026-08-23T15:21:37Z INF |  UDP Connectivity  region2.v2.argotunnel.com  PASS    QUIC connection successful    |
2026-08-23T15:21:37Z INF |  TCP Connectivity  region1.v2.argotunnel.com  PASS    HTTP/2 connection successful  |
2026-08-23T15:21:37Z INF |  TCP Connectivity  region2.v2.argotunnel.com  PASS    HTTP/2 connection successful  |
2026-08-23T15:21:37Z INF |  Cloudflare API    api.cloudflare.com:443     PASS    API is reachable              |
2026-08-23T15:21:37Z INF |                                                                                     |
2026-08-23T15:21:37Z INF |  SUMMARY: Environment is healthy. cloudflared will use 'quic' as primary protocol.  |
2026-08-23T15:21:37Z INF +-------------------------------------------------------------------------------------+
2026-08-23T15:21:37Z INF precheck component="DNS Resolution" details="DNS Resolved successfully" run_id=55540752-6776-42a0-b3f9-933fc1529282 status=pass target=region1.v2.argotunnel.com
2026-08-23T15:21:37Z INF precheck component="DNS Resolution" details="DNS Resolved successfully" run_id=55540752-6776-42a0-b3f9-933fc1529282 status=pass target=region2.v2.argotunnel.com
2026-08-23T15:21:37Z INF precheck component="UDP Connectivity" details="QUIC connection successful" run_id=55540752-6776-42a0-b3f9-933fc1529282 status=pass target=region1.v2.argotunnel.com
2026-08-23T15:21:37Z INF precheck component="UDP Connectivity" details="QUIC connection successful" run_id=55540752-6776-42a0-b3f9-933fc1529282 status=pass target=region2.v2.argotunnel.com
2026-08-23T15:21:37Z INF precheck component="TCP Connectivity" details="HTTP/2 connection successful" run_id=55540752-6776-42a0-b3f9-933fc1529282 status=pass target=region1.v2.argotunnel.com
2026-08-23T15:21:37Z INF precheck component="TCP Connectivity" details="HTTP/2 connection successful" run_id=55540752-6776-42a0-b3f9-933fc1529282 status=pass target=region2.v2.argotunnel.com
2026-08-23T15:21:37Z INF precheck component="Cloudflare API" details="API is reachable" run_id=55540752-6776-42a0-b3f9-933fc1529282 status=pass target=api.cloudflare.com:443
2026-08-23T15:21:37Z INF precheck complete hard_fail=false run_id=55540752-6776-42a0-b3f9-933fc1529282 suggested_protocol=quic
